Tue 08/18/2026 19:19:07.94 skipped 2026-08-18.json - already in repo (logs are append-only) 
Fri 08/28/2026 16:05:01.97 placed 2026-08-27_catch-up-review.json -> C:\Dev\gex-signal-tapereader\learning\log\2026-08-27_catch-up-review.json 
[main 16aaff2] review: nightly/weekly files pulled from Drive inbox 28-Fri-08
 1 file changed, 86 insertions(+)
 create mode 100644 learning/log/2026-08-27_catch-up-review.json
To https://github.com/rassulshah/gex-signal-tapereader.git
   a27ed19..16aaff2  main -> main
Fri 08/28/2026 16:05:05.82 pushed 1 file(s) 
Tue 09/15/2026 16:05:02.09 skipped 2026-09-14.json - already in repo (logs are append-only) 
Wed 09/16/2026 16:05:01.50 placed 2026-09-15-nightly-review.json -> C:\Dev\gex-signal-tapereader\learning\log\2026-09-15-nightly-review.json 
[main d7410bb] review: nightly/weekly files pulled from Drive inbox 16-Wed-09
 1 file changed, 193 insertions(+)
 create mode 100644 learning/log/2026-09-15-nightly-review.json
To https://github.com/rassulshah/gex-signal-tapereader.git
   94cb921..d7410bb  main -> main
Wed 09/16/2026 16:05:04.48 pushed 1 file(s) 
Thu 09/17/2026 16:05:01.92 placed 2026-09-16-review.json -> C:\Dev\gex-signal-tapereader\learning\log\2026-09-16-review.json 
Thu 09/17/2026 16:05:01.92 skipped 2026-09-17.json - already in repo (logs are append-only) 
[main d017324] review: nightly/weekly files pulled from Drive inbox 17-Thu-09
 1 file changed, 161 insertions(+)
 create mode 100644 learning/log/2026-09-16-review.json
To https://github.com/rassulshah/gex-signal-tapereader.git
   b295f2d..d017324  main -> main
Thu 09/17/2026 16:05:04.85 pushed 1 file(s) 
Fri 09/18/2026 16:05:01.84 placed 2026-09-17-nightly-review.json -> C:\Dev\gex-signal-tapereader\learning\log\2026-09-17-nightly-review.json 
[main 486e42c] review: nightly/weekly files pulled from Drive inbox 18-Fri-09
 1 file changed, 134 insertions(+)
 create mode 100644 learning/log/2026-09-17-nightly-review.json
To https://github.com/rassulshah/gex-signal-tapereader.git
   3cb10e0..486e42c  main -> main
Fri 09/18/2026 16:05:05.21 pushed 1 file(s) 
Tue 09/22/2026 16:05:01.68 skipped 2026-09-21.json - already in repo (logs are append-only) 
Wed 09/23/2026 16:05:01.54 skipped 2026-09-22.json - already in repo (logs are append-only) 
